Compiling lib\main.dart for the Web...                          
flutter : Wasm dry run findings:
At line:1 char:35
+ ... \Users\Furkan\tuniverse-web; flutter build web --release 2>&1 | Out-F ...
+                                  ~~~~~~~~~~~~~~~~~~~~~~~~~~~~~~~~
    + CategoryInfo          : NotSpecified: (Wasm dry run findings::String) [], RemoteException
    + FullyQualifiedErrorId : NativeCommandError
 
Found incompatibilities with WebAssembly.

package:share_plus/src/share_plus_web.dart 1:1 - dart:html unsupported (0)
package:share_plus/src/windows_version_helper.dart 2:1 - 'dart:ffi' can't be imported when compiling to Wasm. (2)
package:ffi/src/allocation.dart 5:1 - 'dart:ffi' can't be imported when compiling to Wasm. (2)
package:ffi/src/arena.dart 8:1 - 'dart:ffi' can't be imported when compiling to Wasm. (2)
package:ffi/src/utf16.dart 5:1 - 'dart:ffi' can't be imported when compiling to Wasm. (2)
package:ffi/src/utf8.dart 6:1 - 'dart:ffi' can't be imported when compiling to Wasm. (2)
package:win32/src/bstr.dart 3:1 - 'dart:ffi' can't be imported when compiling to Wasm. (2)
package:win32/src/callbacks.dart 5:1 - 'dart:ffi' can't be imported when compiling to Wasm. (2)
package:win32/src/constants.dart 6:1 - 'dart:ffi' can't be imported when compiling to Wasm. (2)
package:win32/src/constants_nodoc.dart 19:1 - 'dart:ffi' can't be imported when compiling to Wasm. (2)
package:win32/src/dispatcher.dart 1:1 - 'dart:ffi' can't be imported when compiling to Wasm. (2)
package:win32/src/exceptions.dart 3:1 - 'dart:ffi' can't be imported when compiling to Wasm. (2)
package:win32/src/functions.dart 3:1 - 'dart:ffi' can't be imported when compiling to Wasm. (2)
package:win32/src/guid.dart 18:1 - 'dart:ffi' can't be imported when compiling to Wasm. (2)
package:win32/src/inline.dart 5:1 - 'dart:ffi' can't be imported when compiling to Wasm. (2)
package:win32/src/macros.dart 5:1 - 'dart:ffi' can't be imported when compiling to Wasm. (2)
package:win32/src/propertykey.dart 12:1 - 'dart:ffi' can't be imported when compiling to Wasm. (2)
package:win32/src/structs.dart 3:1 - 'dart:ffi' can't be imported when compiling to Wasm. (2)
package:win32/src/structs.g.dart 10:1 - 'dart:ffi' can't be imported when compiling to Wasm. (2)
package:win32/src/types.dart 15:1 - 'dart:ffi' can't be imported when compiling to Wasm. (2)
package:win32/src/utils.dart 5:1 - 'dart:ffi' can't be imported when compiling to Wasm. (2)
package:win32/src/variant.dart 6:1 - 'dart:ffi' can't be imported when compiling to Wasm. (2)
package:win32/src/winrt_helpers.dart 3:1 - 'dart:ffi' can't be imported when compiling to Wasm. (2)
package:win32/src/extensions/dialogs.dart 3:1 - 'dart:ffi' can't be imported when compiling to Wasm. (2)
package:win32/src/extensions/filetime.dart 1:1 - 'dart:ffi' can't be imported when compiling to Wasm. (2)
package:win32/src/extensions/list_to_blob.dart 3:1 - 'dart:ffi' can't be imported when compiling to Wasm. (2)
package:win32/src/extensions/set_ansi.dart 1:1 - 'dart:ffi' can't be imported when compiling to Wasm. (2)
package:win32/src/extensions/set_string.dart 3:1 - 'dart:ffi' can't be imported when compiling to Wasm. (2)
package:win32/src/extensions/set_string_array.dart 1:1 - 'dart:ffi' can't be imported when compiling to Wasm. (2)
package:win32/src/extensions/unpack_utf16.dart 4:1 - 'dart:ffi' can't be imported when compiling to Wasm. (2)
package:win32/src/win32/advapi32.g.dart 9:1 - 'dart:ffi' can't be imported when compiling to Wasm. (2)
package:win32/src/win32/bluetoothapis.g.dart 9:1 - 'dart:ffi' can't be imported when compiling to Wasm. (2)
package:win32/src/win32/bthprops.g.dart 9:1 - 'dart:ffi' can't be imported when compiling to Wasm. (2)
package:win32/src/win32/comctl32.g.dart 9:1 - 'dart:ffi' can't be imported when compiling to Wasm. (2)
package:win32/src/win32/comdlg32.g.dart 9:1 - 'dart:ffi' can't be imported when compiling to Wasm. (2)
package:win32/src/win32/crypt32.g.dart 9:1 - 'dart:ffi' can't be imported when compiling to Wasm. (2)
package:win32/src/win32/dbghelp.g.dart 9:1 - 'dart:ffi' can't be imported when compiling to Wasm. (2)
package:win32/src/win32/dwmapi.g.dart 9:1 - 'dart:ffi' can't be imported when compiling to Wasm. (2)
package:win32/src/win32/dxva2.g.dart 9:1 - 'dart:ffi' can't be imported when compiling to Wasm. (2)
package:win32/src/win32/gdi32.g.dart 9:1 - 'dart:ffi' can't be imported when compiling to Wasm. (2)
package:win32/src/win32/iphlpapi.g.dart 9:1 - 'dart:ffi' can't be imported when compiling to Wasm. (2)
package:win32/src/win32/kernel32.g.dart 9:1 - 'dart:ffi' can't be imported when compiling to Wasm. (2)
package:win32/src/win32/magnification.g.dart 9:1 - 'dart:ffi' can't be imported when compiling to Wasm. (2)
package:win32/src/win32/netapi32.g.dart 9:1 - 'dart:ffi' can't be imported when compiling to Wasm. (2)
package:win32/src/win32/ntdll.g.dart 9:1 - 'dart:ffi' can't be imported when compiling to Wasm. (2)
package:win32/src/win32/ole32.g.dart 9:1 - 'dart:ffi' can't be imported when compiling to Wasm. (2)
package:win32/src/win32/oleaut32.g.dart 9:1 - 'dart:ffi' can't be imported when compiling to Wasm. (2)
package:win32/src/win32/powrprof.g.dart 9:1 - 'dart:ffi' can't be imported when compiling to Wasm. (2)
package:win32/src/win32/propsys.g.dart 9:1 - 'dart:ffi' can't be imported when compiling to Wasm. (2)
package:win32/src/win32/rometadata.g.dart 9:1 - 'dart:ffi' can't be imported when compiling to Wasm. (2)
package:win32/src/win32/scarddlg.g.dart 9:1 - 'dart:ffi' can't be imported when compiling to Wasm. (2)
package:win32/src/win32/setupapi.g.dart 9:1 - 'dart:ffi' can't be imported when compiling to Wasm. (2)
package:win32/src/win32/shell32.g.dart 9:1 - 'dart:ffi' can't be imported when compiling to Wasm. (2)
package:win32/src/win32/shlwapi.g.dart 9:1 - 'dart:ffi' can't be imported when compiling to Wasm. (2)
package:win32/src/win32/user32.g.dart 9:1 - 'dart:ffi' can't be imported when compiling to Wasm. (2)
package:win32/src/win32/uxtheme.g.dart 9:1 - 'dart:ffi' can't be imported when compiling to Wasm. (2)
package:win32/src/win32/version.g.dart 9:1 - 'dart:ffi' can't be imported when compiling to Wasm. (2)
package:win32/src/win32/wevtapi.g.dart 9:1 - 'dart:ffi' can't be imported when compiling to Wasm. (2)
package:win32/src/win32/winmm.g.dart 9:1 - 'dart:ffi' can't be imported when compiling to Wasm. (2)
package:win32/src/win32/winscard.g.dart 9:1 - 'dart:ffi' can't be imported when compiling to Wasm. (2)
package:win32/src/win32/winspool.g.dart 9:1 - 'dart:ffi' can't be imported when compiling to Wasm. (2)
package:win32/src/win32/wlanapi.g.dart 9:1 - 'dart:ffi' can't be imported when compiling to Wasm. (2)
package:win32/src/win32/wtsapi32.g.dart 9:1 - 'dart:ffi' can't be imported when compiling to Wasm. (2)
package:win32/src/win32/xinput1_4.g.dart 9:1 - 'dart:ffi' can't be imported when compiling to Wasm. (2)
package:win32/src/win32/api_ms_win_core_apiquery_l2_1_0.g.dart 9:1 - 'dart:ffi' can't be imported when compiling to Wasm. (
2)
package:win32/src/win32/api_ms_win_core_comm_l1_1_1.g.dart 9:1 - 'dart:ffi' can't be imported when compiling to Wasm. (2)
package:win32/src/win32/api_ms_win_core_comm_l1_1_2.g.dart 9:1 - 'dart:ffi' can't be imported when compiling to Wasm. (2)
package:win32/src/win32/api_ms_win_core_handle_l1_1_0.g.dart 9:1 - 'dart:ffi' can't be imported when compiling to Wasm. (2)
package:win32/src/win32/api_ms_win_core_path_l1_1_0.g.dart 9:1 - 'dart:ffi' can't be imported when compiling to Wasm. (2)
package:win32/src/win32/api_ms_win_core_sysinfo_l1_2_3.g.dart 9:1 - 'dart:ffi' can't be imported when compiling to Wasm. (2
)
package:win32/src/win32/api_ms_win_core_winrt_l1_1_0.g.dart 9:1 - 'dart:ffi' can't be imported when compiling to Wasm. (2)
package:win32/src/win32/api_ms_win_core_winrt_error_l1_1_0.g.dart 9:1 - 'dart:ffi' can't be imported when compiling to Wasm
. (2)
package:win32/src/win32/api_ms_win_core_winrt_string_l1_1_0.g.dart 9:1 - 'dart:ffi' can't be imported when compiling to Was
m. (2)
package:win32/src/win32/api_ms_win_ro_typeresolution_l1_1_0.g.dart 9:1 - 'dart:ffi' can't be imported when compiling to Was
m. (2)
package:win32/src/win32/api_ms_win_ro_typeresolution_l1_1_1.g.dart 9:1 - 'dart:ffi' can't be imported when compiling to Was
m. (2)
package:win32/src/win32/api_ms_win_shcore_scaling_l1_1_1.g.dart 9:1 - 'dart:ffi' can't be imported when compiling to Wasm. 
(2)
package:win32/src/win32/api_ms_win_wsl_api_l1_1_0.g.dart 9:1 - 'dart:ffi' can't be imported when compiling to Wasm. (2)
package:win32/src/combase.dart 3:1 - 'dart:ffi' can't be imported when compiling to Wasm. (2)
package:win32/src/com/iagileobject.dart 9:1 - 'dart:ffi' can't be imported when compiling to Wasm. (2)
package:win32/src/com/iapplicationactivationmanager.dart 9:1 - 'dart:ffi' can't be imported when compiling to Wasm. (2)
package:win32/src/com/iappxfactory.dart 9:1 - 'dart:ffi' can't be imported when compiling to Wasm. (2)
package:win32/src/com/iappxfile.dart 9:1 - 'dart:ffi' can't be imported when compiling to Wasm. (2)
package:win32/src/com/iappxfilesenumerator.dart 9:1 - 'dart:ffi' can't be imported when compiling to Wasm. (2)
package:win32/src/com/iappxmanifestapplication.dart 9:1 - 'dart:ffi' can't be imported when compiling to Wasm. (2)
package:win32/src/com/iappxmanifestapplicationsenumerator.dart 9:1 - 'dart:ffi' can't be imported when compiling to Wasm. (
2)
package:win32/src/com/iappxmanifestospackagedependency.dart 9:1 - 'dart:ffi' can't be imported when compiling to Wasm. (2)
package:win32/src/com/iappxmanifestpackagedependenciesenumerator.dart 9:1 - 'dart:ffi' can't be imported when compiling to 
Wasm. (2)
package:win32/src/com/iappxmanifestpackagedependency.dart 9:1 - 'dart:ffi' can't be imported when compiling to Wasm. (2)
package:win32/src/com/iappxmanifestpackageid.dart 9:1 - 'dart:ffi' can't be imported when compiling to Wasm. (2)
package:win32/src/com/iappxmanifestproperties.dart 9:1 - 'dart:ffi' can't be imported when compiling to Wasm. (2)
package:win32/src/com/iappxmanifestreader.dart 9:1 - 'dart:ffi' can't be imported when compiling to Wasm. (2)
package:win32/src/com/iappxmanifestreader2.dart 9:1 - 'dart:ffi' can't be imported when compiling to Wasm. (2)
package:win32/src/com/iappxmanifestreader3.dart 9:1 - 'dart:ffi' can't be imported when compiling to Wasm. (2)
package:win32/src/com/iappxmanifestreader4.dart 9:1 - 'dart:ffi' can't be imported when compiling to Wasm. (2)
package:win32/src/com/iappxmanifestreader5.dart 9:1 - 'dart:ffi' can't be imported when compiling to Wasm. (2)
package:win32/src/com/iappxmanifestreader6.dart 9:1 - 'dart:ffi' can't be imported when compiling to Wasm. (2)
package:win32/src/com/iappxmanifestreader7.dart 9:1 - 'dart:ffi' can't be imported when compiling to Wasm. (2)
package:win32/src/com/iappxpackagereader.dart 9:1 - 'dart:ffi' can't be imported when compiling to Wasm. (2)
package:win32/src/com/iaudiocaptureclient.dart 9:1 - 'dart:ffi' can't be imported when compiling to Wasm. (2)
package:win32/src/com/iaudioclient.dart 9:1 - 'dart:ffi' can't be imported when compiling to Wasm. (2)
package:win32/src/com/iaudioclient2.dart 9:1 - 'dart:ffi' can't be imported when compiling to Wasm. (2)
package:win32/src/com/iaudioclient3.dart 9:1 - 'dart:ffi' can't be imported when compiling to Wasm. (2)
package:win32/src/com/iaudioclientduckingcontrol.dart 9:1 - 'dart:ffi' can't be imported when compiling to Wasm. (2)
package:win32/src/com/iaudioclock.dart 9:1 - 'dart:ffi' can't be imported when compiling to Wasm. (2)
package:win32/src/com/iaudioclock2.dart 9:1 - 'dart:ffi' can't be imported when compiling to Wasm. (2)
package:win32/src/com/iaudioclockadjustment.dart 9:1 - 'dart:ffi' can't be imported when compiling to Wasm. (2)
package:win32/src/com/iaudiorenderclient.dart 9:1 - 'dart:ffi' can't be imported when compiling to Wasm. (2)
package:win32/src/com/iaudiosessioncontrol.dart 9:1 - 'dart:ffi' can't be imported when compiling to Wasm. (2)
package:win32/src/com/iaudiosessioncontrol2.dart 9:1 - 'dart:ffi' can't be imported when compiling to Wasm. (2)
package:win32/src/com/iaudiosessionenumerator.dart 9:1 - 'dart:ffi' can't be imported when compiling to Wasm. (2)
package:win32/src/com/iaudiosessionmanager.dart 9:1 - 'dart:ffi' can't be imported when compiling to Wasm. (2)
package:win32/src/com/iaudiosessionmanager2.dart 9:1 - 'dart:ffi' can't be imported when compiling to Wasm. (2)
package:win32/src/com/iaudiostreamvolume.dart 9:1 - 'dart:ffi' can't be imported when compiling to Wasm. (2)
package:win32/src/com/ibindctx.dart 9:1 - 'dart:ffi' can't be imported when compiling to Wasm. (2)
package:win32/src/com/ichannelaudiovolume.dart 9:1 - 'dart:ffi' can't be imported when compiling to Wasm. (2)
package:win32/src/com/iclassfactory.dart 9:1 - 'dart:ffi' can't be imported when compiling to Wasm. (2)
package:win32/src/com/iconnectionpoint.dart 9:1 - 'dart:ffi' can't be imported when compiling to Wasm. (2)
package:win32/src/com/iconnectionpointcontainer.dart 9:1 - 'dart:ffi' can't be imported when compiling to Wasm. (2)
package:win32/src/com/idesktopwallpaper.dart 9:1 - 'dart:ffi' can't be imported when compiling to Wasm. (2)
package:win32/src/com/idispatch.dart 9:1 - 'dart:ffi' can't be imported when compiling to Wasm. (2)
package:win32/src/com/ienumidlist.dart 9:1 - 'dart:ffi' can't be imported when compiling to Wasm. (2)
package:win32/src/com/ienummoniker.dart 9:1 - 'dart:ffi' can't be imported when compiling to Wasm. (2)
package:win32/src/com/ienumnetworkconnections.dart 9:1 - 'dart:ffi' can't be imported when compiling to Wasm. (2)
package:win32/src/com/ienumnetworks.dart 9:1 - 'dart:ffi' can't be imported when compiling to Wasm. (2)
package:win32/src/com/ienumresources.dart 9:1 - 'dart:ffi' can't be imported when compiling to Wasm. (2)
package:win32/src/com/ienumspellingerror.dart 9:1 - 'dart:ffi' can't be imported when compiling to Wasm. (2)
package:win32/src/com/ienumstring.dart 9:1 - 'dart:ffi' can't be imported when compiling to Wasm. (2)
package:win32/src/com/ienumvariant.dart 9:1 - 'dart:ffi' can't be imported when compiling to Wasm. (2)
package:win32/src/com/ienumwbemclassobject.dart 9:1 - 'dart:ffi' can't be imported when compiling to Wasm. (2)
package:win32/src/com/ierrorinfo.dart 9:1 - 'dart:ffi' can't be imported when compiling to Wasm. (2)
package:win32/src/com/ifiledialog.dart 9:1 - 'dart:ffi' can't be imported when compiling to Wasm. (2)
package:win32/src/com/ifiledialog2.dart 9:1 - 'dart:ffi' can't be imported when compiling to Wasm. (2)
package:win32/src/com/ifiledialogcustomize.dart 9:1 - 'dart:ffi' can't be imported when compiling to Wasm. (2)
package:win32/src/com/ifileisinuse.dart 9:1 - 'dart:ffi' can't be imported when compiling to Wasm. (2)
package:win32/src/com/ifileopendialog.dart 9:1 - 'dart:ffi' can't be imported when compiling to Wasm. (2)
package:win32/src/com/ifilesavedialog.dart 9:1 - 'dart:ffi' can't be imported when compiling to Wasm. (2)
package:win32/src/com/iinitializewithwindow.dart 9:1 - 'dart:ffi' can't be imported when compiling to Wasm. (2)
package:win32/src/com/iinspectable.dart 9:1 - 'dart:ffi' can't be imported when compiling to Wasm. (2)
package:win32/src/com/iknownfolder.dart 9:1 - 'dart:ffi' can't be imported when compiling to Wasm. (2)
package:win32/src/com/iknownfoldermanager.dart 9:1 - 'dart:ffi' can't be imported when compiling to Wasm. (2)
package:win32/src/com/imetadataassemblyimport.dart 9:1 - 'dart:ffi' can't be imported when compiling to Wasm. (2)
package:win32/src/com/imetadatadispenser.dart 9:1 - 'dart:ffi' can't be imported when compiling to Wasm. (2)
package:win32/src/com/imetadatadispenserex.dart 9:1 - 'dart:ffi' can't be imported when compiling to Wasm. (2)
package:win32/src/com/imetadataimport.dart 9:1 - 'dart:ffi' can't be imported when compiling to Wasm. (2)
package:win32/src/com/imetadataimport2.dart 9:1 - 'dart:ffi' can't be imported when compiling to Wasm. (2)
package:win32/src/com/imetadatatables.dart 9:1 - 'dart:ffi' can't be imported when compiling to Wasm. (2)
package:win32/src/com/imetadatatables2.dart 9:1 - 'dart:ffi' can't be imported when compiling to Wasm. (2)
package:win32/src/com/immdevice.dart 9:1 - 'dart:ffi' can't be imported when compiling to Wasm. (2)
package:win32/src/com/immdevicecollection.dart 9:1 - 'dart:ffi' can't be imported when compiling to Wasm. (2)
package:win32/src/com/immdeviceenumerator.dart 9:1 - 'dart:ffi' can't be imported when compiling to Wasm. (2)
package:win32/src/com/immendpoint.dart 9:1 - 'dart:ffi' can't be imported when compiling to Wasm. (2)
package:win32/src/com/immnotificationclient.dart 9:1 - 'dart:ffi' can't be imported when compiling to Wasm. (2)
package:win32/src/com/imodalwindow.dart 9:1 - 'dart:ffi' can't be imported when compiling to Wasm. (2)
package:win32/src/com/imoniker.dart 9:1 - 'dart:ffi' can't be imported when compiling to Wasm. (2)
package:win32/src/com/inetwork.dart 9:1 - 'dart:ffi' can't be imported when compiling to Wasm. (2)
package:win32/src/com/inetworkconnection.dart 9:1 - 'dart:ffi' can't be imported when compiling to Wasm. (2)
package:win32/src/com/inetworklistmanager.dart 9:1 - 'dart:ffi' can't be imported when compiling to Wasm. (2)
package:win32/src/com/inetworklistmanagerevents.dart 9:1 - 'dart:ffi' can't be imported when compiling to Wasm. (2)
package:win32/src/com/ipersist.dart 9:1 - 'dart:ffi' can't be imported when compiling to Wasm. (2)
package:win32/src/com/ipersistfile.dart 9:1 - 'dart:ffi' can't be imported when compiling to Wasm. (2)
package:win32/src/com/ipersistmemory.dart 9:1 - 'dart:ffi' can't be imported when compiling to Wasm. (2)
package:win32/src/com/ipersiststream.dart 9:1 - 'dart:ffi' can't be imported when compiling to Wasm. (2)
package:win32/src/com/ipropertystore.dart 9:1 - 'dart:ffi' can't be imported when compiling to Wasm. (2)
package:win32/src/com/iprovideclassinfo.dart 9:1 - 'dart:ffi' can't be imported when compiling to Wasm. (2)
package:win32/src/com/irestrictederrorinfo.dart 9:1 - 'dart:ffi' can't be imported when compiling to Wasm. (2)
package:win32/src/com/irunningobjecttable.dart 9:1 - 'dart:ffi' can't be imported when compiling to Wasm. (2)
package:win32/src/com/isensor.dart 9:1 - 'dart:ffi' can't be imported when compiling to Wasm. (2)
package:win32/src/com/isensorcollection.dart 9:1 - 'dart:ffi' can't be imported when compiling to Wasm. (2)
package:win32/src/com/isensordatareport.dart 9:1 - 'dart:ffi' can't be imported when compiling to Wasm. (2)
package:win32/src/com/isensormanager.dart 9:1 - 'dart:ffi' can't be imported when compiling to Wasm. (2)
package:win32/src/com/isequentialstream.dart 9:1 - 'dart:ffi' can't be imported when compiling to Wasm. (2)
package:win32/src/com/ishellfolder.dart 9:1 - 'dart:ffi' can't be imported when compiling to Wasm. (2)
package:win32/src/com/ishellitem.dart 9:1 - 'dart:ffi' can't be imported when compiling to Wasm. (2)
package:win32/src/com/ishellitem2.dart 9:1 - 'dart:ffi' can't be imported when compiling to Wasm. (2)
package:win32/src/com/ishellitemarray.dart 9:1 - 'dart:ffi' can't be imported when compiling to Wasm. (2)
package:win32/src/com/ishellitemfilter.dart 9:1 - 'dart:ffi' can't be imported when compiling to Wasm. (2)
package:win32/src/com/ishellitemimagefactory.dart 9:1 - 'dart:ffi' can't be imported when compiling to Wasm. (2)
package:win32/src/com/ishellitemresources.dart 9:1 - 'dart:ffi' can't be imported when compiling to Wasm. (2)
package:win32/src/com/ishelllink.dart 9:1 - 'dart:ffi' can't be imported when compiling to Wasm. (2)
package:win32/src/com/ishelllinkdatalist.dart 9:1 - 'dart:ffi' can't be imported when compiling to Wasm. (2)
package:win32/src/com/ishelllinkdual.dart 9:1 - 'dart:ffi' can't be imported when compiling to Wasm. (2)
package:win32/src/com/ishellservice.dart 9:1 - 'dart:ffi' can't be imported when compiling to Wasm. (2)
package:win32/src/com/isimpleaudiovolume.dart 9:1 - 'dart:ffi' can't be imported when compiling to Wasm. (2)
package:win32/src/com/ispeechaudioformat.dart 9:1 - 'dart:ffi' can't be imported when compiling to Wasm. (2)
package:win32/src/com/ispeechbasestream.dart 9:1 - 'dart:ffi' can't be imported when compiling to Wasm. (2)
package:win32/src/com/ispeechobjecttoken.dart 9:1 - 'dart:ffi' can't be imported when compiling to Wasm. (2)
package:win32/src/com/ispeechobjecttokens.dart 9:1 - 'dart:ffi' can't be imported when compiling to Wasm. (2)
package:win32/src/com/ispeechvoice.dart 9:1 - 'dart:ffi' can't be imported when compiling to Wasm. (2)
package:win32/src/com/ispeechvoicestatus.dart 9:1 - 'dart:ffi' can't be imported when compiling to Wasm. (2)
package:win32/src/com/ispeechwaveformatex.dart 9:1 - 'dart:ffi' can't be imported when compiling to Wasm. (2)
package:win32/src/com/ispellchecker.dart 9:1 - 'dart:ffi' can't be imported when compiling to Wasm. (2)
package:win32/src/com/ispellchecker2.dart 9:1 - 'dart:ffi' can't be imported when compiling to Wasm. (2)
package:win32/src/com/ispellcheckerchangedeventhandler.dart 9:1 - 'dart:ffi' can't be imported when compiling to Wasm. (2)
package:win32/src/com/ispellcheckerfactory.dart 9:1 - 'dart:ffi' can't be imported when compiling to Wasm. (2)
package:win32/src/com/ispellingerror.dart 9:1 - 'dart:ffi' can't be imported when compiling to Wasm. (2)
package:win32/src/com/ispeventsource.dart 9:1 - 'dart:ffi' can't be imported when compiling to Wasm. (2)
package:win32/src/com/ispnotifysource.dart 9:1 - 'dart:ffi' can't be imported when compiling to Wasm. (2)
package:win32/src/com/ispvoice.dart 9:1 - 'dart:ffi' can't be imported when compiling to Wasm. (2)
package:win32/src/com/istream.dart 9:1 - 'dart:ffi' can't be imported when compiling to Wasm. (2)
package:win32/src/com/isupporterrorinfo.dart 9:1 - 'dart:ffi' can't be imported when compiling to Wasm. (2)
package:win32/src/com/itypeinfo.dart 9:1 - 'dart:ffi' can't be imported when compiling to Wasm. (2)
package:win32/src/com/iuiautomation.dart 9:1 - 'dart:ffi' can't be imported when compiling to Wasm. (2)
package:win32/src/com/iuiautomation2.dart 9:1 - 'dart:ffi' can't be imported when compiling to Wasm. (2)
package:win32/src/com/iuiautomation3.dart 9:1 - 'dart:ffi' can't be imported when compiling to Wasm. (2)
package:win32/src/com/iuiautomation4.dart 9:1 - 'dart:ffi' can't be imported when compiling to Wasm. (2)
package:win32/src/com/iuiautomation5.dart 9:1 - 'dart:ffi' can't be imported when compiling to Wasm. (2)
package:win32/src/com/iuiautomation6.dart 9:1 - 'dart:ffi' can't be imported when compiling to Wasm. (2)
package:win32/src/com/iuiautomationandcondition.dart 9:1 - 'dart:ffi' can't be imported when compiling to Wasm. (2)
package:win32/src/com/iuiautomationannotationpattern.dart 9:1 - 'dart:ffi' can't be imported when compiling to Wasm. (2)
package:win32/src/com/iuiautomationboolcondition.dart 9:1 - 'dart:ffi' can't be imported when compiling to Wasm. (2)
package:win32/src/com/iuiautomationcacherequest.dart 9:1 - 'dart:ffi' can't be imported when compiling to Wasm. (2)
package:win32/src/com/iuiautomationcondition.dart 9:1 - 'dart:ffi' can't be imported when compiling to Wasm. (2)
package:win32/src/com/iuiautomationcustomnavigationpattern.dart 9:1 - 'dart:ffi' can't be imported when compiling to Wasm. 
(2)
package:win32/src/com/iuiautomationdockpattern.dart 9:1 - 'dart:ffi' can't be imported when compiling to Wasm. (2)
package:win32/src/com/iuiautomationdragpattern.dart 9:1 - 'dart:ffi' can't be imported when compiling to Wasm. (2)
package:win32/src/com/iuiautomationdroptargetpattern.dart 9:1 - 'dart:ffi' can't be imported when compiling to Wasm. (2)
package:win32/src/com/iuiautomationelement.dart 9:1 - 'dart:ffi' can't be imported when compiling to Wasm. (2)
package:win32/src/com/iuiautomationelement2.dart 9:1 - 'dart:ffi' can't be imported when compiling to Wasm. (2)
package:win32/src/com/iuiautomationelement3.dart 9:1 - 'dart:ffi' can't be imported when compiling to Wasm. (2)
package:win32/src/com/iuiautomationelement4.dart 9:1 - 'dart:ffi' can't be imported when compiling to Wasm. (2)
package:win32/src/com/iuiautomationelement5.dart 9:1 - 'dart:ffi' can't be imported when compiling to Wasm. (2)
package:win32/src/com/iuiautomationelement6.dart 9:1 - 'dart:ffi' can't be imported when compiling to Wasm. (2)
package:win32/src/com/iuiautomationelement7.dart 9:1 - 'dart:ffi' can't be imported when compiling to Wasm. (2)
package:win32/src/com/iuiautomationelement8.dart 9:1 - 'dart:ffi' can't be imported when compiling to Wasm. (2)
package:win32/src/com/iuiautomationelement9.dart 9:1 - 'dart:ffi' can't be imported when compiling to Wasm. (2)
package:win32/src/com/iuiautomationelementarray.dart 9:1 - 'dart:ffi' can't be imported when compiling to Wasm. (2)
package:win32/src/com/iuiautomationexpandcollapsepattern.dart 9:1 - 'dart:ffi' can't be imported when compiling to Wasm. (2
)
package:win32/src/com/iuiautomationgriditempattern.dart 9:1 - 'dart:ffi' can't be imported when compiling to Wasm. (2)
package:win32/src/com/iuiautomationgridpattern.dart 9:1 - 'dart:ffi' can't be imported when compiling to Wasm. (2)
package:win32/src/com/iuiautomationinvokepattern.dart 9:1 - 'dart:ffi' can't be imported when compiling to Wasm. (2)
package:win32/src/com/iuiautomationitemcontainerpattern.dart 9:1 - 'dart:ffi' can't be imported when compiling to Wasm. (2)
package:win32/src/com/iuiautomationlegacyiaccessiblepattern.dart 9:1 - 'dart:ffi' can't be imported when compiling to Wasm.
 (2)
package:win32/src/com/iuiautomationmultipleviewpattern.dart 9:1 - 'dart:ffi' can't be imported when compiling to Wasm. (2)
package:win32/src/com/iuiautomationnotcondition.dart 9:1 - 'dart:ffi' can't be imported when compiling to Wasm. (2)
package:win32/src/com/iuiautomationobjectmodelpattern.dart 9:1 - 'dart:ffi' can't be imported when compiling to Wasm. (2)
package:win32/src/com/iuiautomationorcondition.dart 9:1 - 'dart:ffi' can't be imported when compiling to Wasm. (2)
package:win32/src/com/iuiautomationpropertycondition.dart 9:1 - 'dart:ffi' can't be imported when compiling to Wasm. (2)
package:win32/src/com/iuiautomationproxyfactory.dart 9:1 - 'dart:ffi' can't be imported when compiling to Wasm. (2)
package:win32/src/com/iuiautomationproxyfactoryentry.dart 9:1 - 'dart:ffi' can't be imported when compiling to Wasm. (2)
package:win32/src/com/iuiautomationproxyfactorymapping.dart 9:1 - 'dart:ffi' can't be imported when compiling to Wasm. (2)
package:win32/src/com/iuiautomationrangevaluepattern.dart 9:1 - 'dart:ffi' can't be imported when compiling to Wasm. (2)
package:win32/src/com/iuiautomationscrollitempattern.dart 9:1 - 'dart:ffi' can't be imported when compiling to Wasm. (2)
package:win32/src/com/iuiautomationscrollpattern.dart 9:1 - 'dart:ffi' can't be imported when compiling to Wasm. (2)
package:win32/src/com/iuiautomationselectionitempattern.dart 9:1 - 'dart:ffi' can't be imported when compiling to Wasm. (2)
package:win32/src/com/iuiautomationselectionpattern.dart 9:1 - 'dart:ffi' can't be imported when compiling to Wasm. (2)
package:win32/src/com/iuiautomationselectionpattern2.dart 9:1 - 'dart:ffi' can't be imported when compiling to Wasm. (2)
package:win32/src/com/iuiautomationspreadsheetitempattern.dart 9:1 - 'dart:ffi' can't be imported when compiling to Wasm. (
2)
package:win32/src/com/iuiautomationspreadsheetpattern.dart 9:1 - 'dart:ffi' can't be imported when compiling to Wasm. (2)
package:win32/src/com/iuiautomationstylespattern.dart 9:1 - 'dart:ffi' can't be imported when compiling to Wasm. (2)
package:win32/src/com/iuiautomationsynchronizedinputpattern.dart 9:1 - 'dart:ffi' can't be imported when compiling to Wasm.
 (2)
package:win32/src/com/iuiautomationtableitempattern.dart 9:1 - 'dart:ffi' can't be imported when compiling to Wasm. (2)
package:win32/src/com/iuiautomationtablepattern.dart 9:1 - 'dart:ffi' can't be imported when compiling to Wasm. (2)
package:win32/src/com/iuiautomationtextchildpattern.dart 9:1 - 'dart:ffi' can't be imported when compiling to Wasm. (2)
package:win32/src/com/iuiautomationtexteditpattern.dart 9:1 - 'dart:ffi' can't be imported when compiling to Wasm. (2)
package:win32/src/com/iuiautomationtextpattern.dart 9:1 - 'dart:ffi' can't be imported when compiling to Wasm. (2)
package:win32/src/com/iuiautomationtextpattern2.dart 9:1 - 'dart:ffi' can't be imported when compiling to Wasm. (2)
package:win32/src/com/iuiautomationtextrange.dart 9:1 - 'dart:ffi' can't be imported when compiling to Wasm. (2)
package:win32/src/com/iuiautomationtextrange2.dart 9:1 - 'dart:ffi' can't be imported when compiling to Wasm. (2)
package:win32/src/com/iuiautomationtextrange3.dart 9:1 - 'dart:ffi' can't be imported when compiling to Wasm. (2)
package:win32/src/com/iuiautomationtextrangearray.dart 9:1 - 'dart:ffi' can't be imported when compiling to Wasm. (2)
package:win32/src/com/iuiautomationtogglepattern.dart 9:1 - 'dart:ffi' can't be imported when compiling to Wasm. (2)
package:win32/src/com/iuiautomationtransformpattern.dart 9:1 - 'dart:ffi' can't be imported when compiling to Wasm. (2)
package:win32/src/com/iuiautomationtransformpattern2.dart 9:1 - 'dart:ffi' can't be imported when compiling to Wasm. (2)
package:win32/src/com/iuiautomationtreewalker.dart 9:1 - 'dart:ffi' can't be imported when compiling to Wasm. (2)
package:win32/src/com/iuiautomationvaluepattern.dart 9:1 - 'dart:ffi' can't be imported when compiling to Wasm. (2)
package:win32/src/com/iuiautomationvirtualizeditempattern.dart 9:1 - 'dart:ffi' can't be imported when compiling to Wasm. (
2)
package:win32/src/com/iuiautomationwindowpattern.dart 9:1 - 'dart:ffi' can't be imported when compiling to Wasm. (2)
package:win32/src/com/iunknown.dart 5:1 - 'dart:ffi' can't be imported when compiling to Wasm. (2)
package:win32/src/com/iuri.dart 9:1 - 'dart:ffi' can't be imported when compiling to Wasm. (2)
package:win32/src/com/ivirtualdesktopmanager.dart 9:1 - 'dart:ffi' can't be imported when compiling to Wasm. (2)
package:win32/src/com/iwbemclassobject.dart 9:1 - 'dart:ffi' can't be imported when compiling to Wasm. (2)
package:win32/src/com/iwbemconfigurerefresher.dart 9:1 - 'dart:ffi' can't be imported when compiling to Wasm. (2)
package:win32/src/com/iwbemcontext.dart 9:1 - 'dart:ffi' can't be imported when compiling to Wasm. (2)
package:win32/src/com/iwbemhiperfenum.dart 9:1 - 'dart:ffi' can't be imported when compiling to Wasm. (2)
package:win32/src/com/iwbemlocator.dart 9:1 - 'dart:ffi' can't be imported when compiling to Wasm. (2)
package:win32/src/com/iwbemobjectaccess.dart 9:1 - 'dart:ffi' can't be imported when compiling to Wasm. (2)
package:win32/src/com/iwbemrefresher.dart 9:1 - 'dart:ffi' can't be imported when compiling to Wasm. (2)
package:win32/src/com/iwbemservices.dart 9:1 - 'dart:ffi' can't be imported when compiling to Wasm. (2)
package:win32/src/com/iwebauthenticationcoremanagerinterop.dart 9:1 - 'dart:ffi' can't be imported when compiling to Wasm. 
(2)
package:win32/src/com/iwinhttprequest.dart 7:1 - 'dart:ffi' can't be imported when compiling to Wasm. (2)
package:win32/src/extensions/_internal.dart 1:1 - 'dart:ffi' can't be imported when compiling to Wasm. (2)

Consider addressing these issues to enable wasm builds. See docs for more info: https://docs.flutter.dev/platform-integrati
on/web/wasm

Use --no-wasm-dry-run to disable these warnings.
Target dart2js failed: ProcessException: Process exited abnormally with exit code 1:
lib/shared/services/enhanced_auth_service.dart:172:65:
Error: Too few positional arguments: 1 required, 0 given.
        await SmartNotificationService.startForAuthenticatedUser();
                                                                ^
lib/shared/services/smart_notification_service.dart:4:23:
Info: Found this candidate, but the arguments don't match.
  static Future<void> startForAuthenticatedUser(String userId) async {}
                      ^^^^^^^^^^^^^^^^^^^^^^^^^
lib/features/home/presentation/pages/music_share_home_page.dart:1868:20:
Error: Not a constant expression.
            child: AdaptiveBannerAdWidget(
                   ^^^^^^^^^^^^^^^^^^^^^^
lib/features/profile/presentation/pages/profile_page.dart:232:25:
Error: Not a constant expression.
                  const AdaptiveBannerAdWidget(
                        ^^^^^^^^^^^^^^^^^^^^^^
lib/features/settings/presentation/pages/modern_settings_page.dart:942:66:
Error: Too many positional arguments: 0 allowed, but 1 found.
    await PurchaseService.purchaseProduct(SkuIds.getProMonthlySku(isTurkey));
                                                                 ^
lib/shared/services/purchase_service.dart:14:17:
Info: Found this candidate, but the arguments don't match.
  static String getProMonthlySku() => 'pro_monthly';
                ^^^^^^^^^^^^^^^^
lib/features/settings/presentation/pages/modern_settings_page.dart:949:65:
Error: Too many positional arguments: 0 allowed, but 1 found.
    await PurchaseService.purchaseProduct(SkuIds.getProAnnualSku(isTurkey));
                                                                ^
lib/shared/services/purchase_service.dart:15:17:
Info: Found this candidate, but the arguments don't match.
  static String getProAnnualSku() => 'pro_annual';
                ^^^^^^^^^^^^^^^
lib/features/settings/presentation/pages/modern_settings_page.dart:956:62:
Error: Too many positional arguments: 0 allowed, but 1 found.
    await PurchaseService.purchaseProduct(SkuIds.getAdFreeSku(isTurkey));
                                                             ^
lib/shared/services/purchase_service.dart:16:17:
Info: Found this candidate, but the arguments don't match.
  static String getAdFreeSku() => 'ad_free';
                ^^^^^^^^^^^^
lib/shared/services/firebase_analytics_service.dart:59:19:
Error: The argument type 'Map<String, dynamic>?' can't be assigned to the parameter type 'Map<String, Object>?'.
 - 'Map' is from 'dart:core'.
 - 'Object' is from 'dart:core'.
      parameters: parameters,
                  ^
lib/features/music/presentation/pages/track_detail_page.dart:490:27:
Error: Not a constant expression.
                    const AdaptiveBannerAdWidget(
                          ^^^^^^^^^^^^^^^^^^^^^^
lib/features/quiz/presentation/pages/quiz_main_page.dart:323:55:
Error: Required named parameter 'onRewarded' must be provided.
      final earned = await AdMobService.showRewardedAd();
                                                      ^
lib/shared/services/admob_service.dart:4:23:
Info: Found this candidate, but the arguments don't match.
  static Future<void> showRewardedAd({required Function onRewarded}) async {}
                      ^^^^^^^^^^^^^^
lib/features/quiz/presentation/pages/leaderboard_page.dart:233:29:
Error: Not a constant expression.
                      const AdaptiveBannerAdWidget(
                            ^^^^^^^^^^^^^^^^^^^^^^
lib/features/developer/presentation/pages/crashlytics_test_page.dart:48:50:
Error: Too many positional arguments: 1 allowed, but 2 found.
                await CrashlyticsService.logError(
                                                 ^
lib/shared/services/crashlytics_service.dart:7:23:
Info: Found this candidate, but the arguments don't match.
  static Future<void> logError(String message) async {}
                      ^^^^^^^^
lib/features/notifications/presentation/pages/notification_settings_page.dart:325:7:
Error: No named parameter with the name 'trackName'.
      trackName: 'Anti-Hero',
      ^^^^^^^^^
lib/shared/services/notification_service.dart:6:23:
Info: Found this candidate, but the arguments don't match.
  static Future<void> showMusicRecommendation({required String title, required String body}) async {}
                      ^^^^^^^^^^^^^^^^^^^^^^^
lib/features/notifications/presentation/pages/notification_settings_page.dart:332:7:
Error: No named parameter with the name 'albumName'.
      albumName: 'Midnights',
      ^^^^^^^^^
lib/shared/services/notification_service.dart:7:23:
Info: Found this candidate, but the arguments don't match.
  static Future<void> showNewRelease({required String title, required String body}) async {}
                      ^^^^^^^^^^^^^^
lib/features/notifications/presentation/pages/notification_settings_page.dart:339:7:
Error: No named parameter with the name 'trackName'.
      trackName: 'As It Was',
      ^^^^^^^^^
lib/shared/services/notification_service.dart:8:23:
Info: Found this candidate, but the arguments don't match.
  static Future<void> showTrendingTrack({required String title, required String body}) async {}
                      ^^^^^^^^^^^^^^^^^
lib/features/notifications/presentation/pages/notification_settings_page.dart:346:7:
Error: No named parameter with the name 'trackName'.
      trackName: 'Heat Waves',
      ^^^^^^^^^
lib/shared/services/notification_service.dart:9:23:
Info: Found this candidate, but the arguments don't match.
  static Future<void> showRatingReminder() async {}
                      ^^^^^^^^^^^^^^^^^^
lib/features/pricing/pricing_page.dart:85:9:
Error: This expression has type 'void' and can't be used.
    if (success) {
        ^
lib/features/pricing/pricing_page.dart:162:64:
Error: Too many positional arguments: 0 allowed, but 1 found.
              onTap: () => _purchaseProduct(SkuIds.getAdFreeSku(_isTurkish)),
                                                               ^
lib/shared/services/purchase_service.dart:16:17:
Info: Found this candidate, but the arguments don't match.
  static String getAdFreeSku() => 'ad_free';
                ^^^^^^^^^^^^
lib/features/pricing/pricing_page.dart:182:68:
Error: Too many positional arguments: 0 allowed, but 1 found.
              onTap: () => _purchaseProduct(SkuIds.getProMonthlySku(_isTurkish)),
                                                                   ^
lib/shared/services/purchase_service.dart:14:17:
Info: Found this candidate, but the arguments don't match.
  static String getProMonthlySku() => 'pro_monthly';
                ^^^^^^^^^^^^^^^^
lib/features/pricing/pricing_page.dart:203:67:
Error: Too many positional arguments: 0 allowed, but 1 found.
              onTap: () => _purchaseProduct(SkuIds.getProAnnualSku(_isTurkish)),
                                                                  ^
lib/shared/services/purchase_service.dart:15:17:
Info: Found this candidate, but the arguments don't match.
  static String getProAnnualSku() => 'pro_annual';
                ^^^^^^^^^^^^^^^
lib/features/pricing/pro_plans_page.dart:442:81:
Error: Too many positional arguments: 0 allowed, but 1 found.
                                : () => _purchaseProduct(SkuIds.getProMonthlySku(isTurkish)),
                                                                                ^
lib/shared/services/purchase_service.dart:14:17:
Info: Found this candidate, but the arguments don't match.
  static String getProMonthlySku() => 'pro_monthly';
                ^^^^^^^^^^^^^^^^
lib/features/pricing/pro_plans_page.dart:547:84:
Error: Too many positional arguments: 0 allowed, but 1 found.
                                    : () => _purchaseProduct(SkuIds.getProAnnualSku(isTurkish)),
                                                                                   ^
lib/shared/services/purchase_service.dart:15:17:
Info: Found this candidate, but the arguments don't match.
  static String getProAnnualSku() => 'pro_annual';
                ^^^^^^^^^^^^^^^
Error: Compilation failed.
  Command: C:\src\flutter\bin\cache\dart-sdk\bin\dart.exe compile js --platform-binaries=C:\src\flutter\bin\cache\flutter_w
eb_sdk\kernel --invoker=flutter_tool -Ddart.vm.product=true -DFLUTTER_VERSION=3.35.4 -DFLUTTER_CHANNEL=stable -DFLUTTER_GIT
_URL=https://github.com/flutter/flutter.git -DFLUTTER_FRAMEWORK_REVISION=d693b4b9db -DFLUTTER_ENGINE_REVISION=c298091351 -D
FLUTTER_DART_VERSION=3.9.2 -DFLUTTER_WEB_USE_SKIA=true -DFLUTTER_WEB_USE_SKWASM=false -DFLUTTER_WEB_CANVASKIT_URL=https://w
ww.gstatic.com/flutter-canvaskit/c29809135135e262a912cf583b2c90deb9ded610/ --native-null-assertions --no-source-maps -O4 --
minify -o C:\Users\Furkan\tuniverse-web\.dart_tool\flutter_build\5c1fccfb27dad6105321c5775064b6ba\app.dill --packages=C:\Us
ers\Furkan\tuniverse-web\.dart_tool\package_config.json --cfe-only C:\Users\Furkan\tuniverse-web\.dart_tool\flutter_build\5
c1fccfb27dad6105321c5775064b6ba\main.dart
#0      RunResult.throwException (package:flutter_tools/src/base/process.dart:118:5)
#1      _DefaultProcessUtils.run (package:flutter_tools/src/base/process.dart:344:19)
<asynchronous suspension>
#2      Dart2JSTarget.build (package:flutter_tools/src/build_system/targets/web.dart:204:5)
<asynchronous suspension>
#3      _BuildInstance._invokeInternal (package:flutter_tools/src/build_system/build_system.dart:873:9)
<asynchronous suspension>
#4      Future.wait.<anonymous closure> (dart:async/future.dart:525:21)
<asynchronous suspension>
#5      _BuildInstance.invokeTarget (package:flutter_tools/src/build_system/build_system.dart:811:32)
<asynchronous suspension>
#6      Future.wait.<anonymous closure> (dart:async/future.dart:525:21)
<asynchronous suspension>
#7      _BuildInstance.invokeTarget (package:flutter_tools/src/build_system/build_system.dart:811:32)
<asynchronous suspension>
#8      FlutterBuildSystem.build (package:flutter_tools/src/build_system/build_system.dart:631:16)
<asynchronous suspension>
#9      WebBuilder.buildWeb (package:flutter_tools/src/web/compile.dart:90:34)
<asynchronous suspension>
#10     BuildWebCommand.runCommand (package:flutter_tools/src/commands/build_web.dart:282:5)
<asynchronous suspension>
#11     FlutterCommand.run.<anonymous closure> (package:flutter_tools/src/runner/flutter_command.dart:1581:27)
<asynchronous suspension>
#12     AppContext.run.<anonymous closure> (package:flutter_tools/src/base/context.dart:154:19)
<asynchronous suspension>
#13     CommandRunner.runCommand (package:args/command_runner.dart:212:13)
<asynchronous suspension>
#14     FlutterCommandRunner.runCommand.<anonymous closure> (package:flutter_tools/src/runner/flutter_command_runner.dart:5
03:9)
<asynchronous suspension>
#15     AppContext.run.<anonymous closure> (package:flutter_tools/src/base/context.dart:154:19)
<asynchronous suspension>
#16     FlutterCommandRunner.runCommand (package:flutter_tools/src/runner/flutter_command_runner.dart:438:5)
<asynchronous suspension>
#17     run.<anonymous closure>.<anonymous closure> (package:flutter_tools/runner.dart:98:11)
<asynchronous suspension>
#18     AppContext.run.<anonymous closure> (package:flutter_tools/src/base/context.dart:154:19)
<asynchronous suspension>
#19     main (package:flutter_tools/executable.dart:101:3)
<asynchronous suspension>

Compiling lib\main.dart for the Web...                             26,9s
Error: Failed to compile application for the Web.
